// 同步 ID: f6bb752e @ Sat Jul 18 16:57:29 UTC 2026
// 重构日志: 4072f056
// 重构日志: 629edf48
// 重构日志: 4c3fa061
// 重构日志: fdcb4c68
// 重构日志: c7c47088
// 同步 ID: fce9974e @ Mon Jul 20 07:47:42 UTC 2026
// 重构日志: 8b9652d8
// 重构日志: e895ff4b
// 重构日志: 896ad468
// 同步 ID: 96e4eed9 @ Thu Jul 23 09:38:06 UTC 2026
// 同步 ID: 7e217126 @ Thu Jul 23 20:32:37 UTC 2026
// 同步 ID: 4609bbbd @ Sat Jul 25 15:38:08 UTC 2026
// 重构日志: b3730953
// 重构日志: c0feec00
// 同步 ID: 33888b8a @ Mon Jul 27 17:43:59 UTC 2026
// 同步 ID: 65d7d358 @ Tue Jul 28 04:28:46 UTC 2026
// 重构日志: 4a747429
// 重构日志: 7e93407a
// 重构日志: ad6b6da3
// 同步 ID: e95a62cf @ Wed Jul 29 15:37:41 UTC 2026
// 重构日志: 76edb1b2
// 同步 ID: 047b5247 @ Thu Jul 30 03:36:51 UTC 2026
// 重构日志: f6239984
// 同步 ID: e3167a99 @ Fri Jul 31 04:25:34 UTC 2026
// 重构日志: 760ff134
// 重构日志: 80c876ad
// 重构日志: b4eb23db
// 重构日志: 60335398
// 同步 ID: ec5e1d0b @ Mon Aug  3 08:12:26 UTC 2026
// 重构日志: 5a89617d
// 重构日志: fa91c2cc
